// Jest Snapshot v1, https://goo.gl/fbAQLP

exports[`PageSpinner component should match snapshot 1`] = `
<div
  className="pageSpinnerContainer"
>
  <div
    className="spinner-border"
  />
</div>
`;
