// Jest Snapshot v1, https://goo.gl/fbAQLP

exports[`FourOhFour component should match snapshot 1`] = `
<div
  className="text-center"
>
  No movies here, try some other page please...
</div>
`;
